error: 'blog-api/' does not have a commit checked out
fatal: adding files failed

ankus@Ankush-PC MINGW64 /c/Projects/MyBlog (main)
$ git add LearnGit

ankus@Ankush-PC MINGW64 /c/Projects/MyBlog (main)
$ git status
On branch main

No commits yet  


Untracked files:
  (use "git add <file>..." to include in what will be committed)
        Blog-Mern/
        blog-api/
        blogApp/
        sample images/

nothing added to commit but untracked files present (use "git add" to track)

ankus@Ankush-PC MINGW64 /c/Projects/MyBlog (main)
$